# github.com/yandex-development-1-team/go/internal/api/handlers [github.com/yandex-development-1-team/go/internal/api/handlers.test]
internal/api/handlers/user_clean_test.go:70:86: not enough arguments in call to service.NewAuthService
	have (*sqlx.DB, *postgres.RefreshTokenRepo, *postgres.StaffRepo, *postgres.TxRepo, string, number, number)
	want (*sqlx.DB, repository.RefreshTokenRepository, repository.PasswordResetRepository, repository.StaffRepository, *"github.com/yandex-development-1-team/go/internal/service/api".EmailService, repository.TxRepository, string, int, int)
internal/api/handlers/user_clean_test.go:423:86: not enough arguments in call to service.NewAuthService
	have (*sqlx.DB, *postgres.RefreshTokenRepo, *postgres.StaffRepo, *postgres.TxRepo, string, number, number)
	want (*sqlx.DB, repository.RefreshTokenRepository, repository.PasswordResetRepository, repository.StaffRepository, *"github.com/yandex-development-1-team/go/internal/service/api".EmailService, repository.TxRepository, string, int, int)
?   	github.com/yandex-development-1-team/go/cmd/bot	[no test files]
=== RUN   TestCreate_HappyPath
--- PASS: TestCreate_HappyPath (0.00s)
=== RUN   TestCreate_ValidationError
--- PASS: TestCreate_ValidationError (0.00s)
=== RUN   TestList_HappyPath
--- PASS: TestList_HappyPath (0.00s)
=== RUN   TestList_EmptyReturnsEmptySlice
--- PASS: TestList_EmptyReturnsEmptySlice (0.00s)
=== RUN   TestGetByID_HappyPath
--- PASS: TestGetByID_HappyPath (0.00s)
=== RUN   TestGetByID_NotFound
--- PASS: TestGetByID_NotFound (0.00s)
=== RUN   TestGetByID_InvalidID
--- PASS: TestGetByID_InvalidID (0.00s)
=== RUN   TestGetByID_ZeroID
--- PASS: TestGetByID_ZeroID (0.00s)
=== RUN   TestUpdate_HappyPath
--- PASS: TestUpdate_HappyPath (0.00s)
=== RUN   TestUpdate_NotFound
--- PASS: TestUpdate_NotFound (0.00s)
=== RUN   TestUpdate_NoFields
--- PASS: TestUpdate_NoFields (0.00s)
=== RUN   TestUpdate_InvalidStatus
--- PASS: TestUpdate_InvalidStatus (0.00s)
=== RUN   TestUpdate_InvalidID
--- PASS: TestUpdate_InvalidID (0.00s)
=== RUN   TestUpdate_NegativeID
--- PASS: TestUpdate_NegativeID (0.00s)
=== RUN   TestUpdate_AllowedFields
--- PASS: TestUpdate_AllowedFields (0.00s)
=== RUN   TestDelete_HappyPath
--- PASS: TestDelete_HappyPath (0.00s)
=== RUN   TestDelete_NotFound
--- PASS: TestDelete_NotFound (0.00s)
=== RUN   TestDelete_InvalidID
--- PASS: TestDelete_InvalidID (0.00s)
=== RUN   TestDelete_NegativeID
--- PASS: TestDelete_NegativeID (0.00s)
PASS
ok  	github.com/yandex-development-1-team/go/internal/api	1.021s
FAIL	github.com/yandex-development-1-team/go/internal/api/handlers [build failed]
?   	github.com/yandex-development-1-team/go/internal/api/middleware	[no test files]
?   	github.com/yandex-development-1-team/go/internal/api/server	[no test files]
?   	github.com/yandex-development-1-team/go/internal/apierrors	[no test files]
?   	github.com/yandex-development-1-team/go/internal/bot	[no test files]
=== RUN   TestLoadConfig
    config_test.go:26: Loaded config:
    config_test.go:47:   TelegramBotToken []: 000000000:dummy-token-for-go-test (✓)
    config_test.go:47:   TelegramBotAPIUrl []: https://api.telegram.org (✓)
    config_test.go:47:   Telegram []: {000000000:dummy-token-for-go-test https://api.telegram.org false {false  }} (✓)
    config_test.go:47:   AuthConfig []: { 0 0} (✓)
    config_test.go:47:   DB []: {postgres://postgres:postgres@db:5432/postgres?sslmode=disable postgres postgres postgres disable db:5432} (✓)
    config_test.go:47:   Port []: 8080 (✓)
    config_test.go:47:   Environment []: dev (✓)
    config_test.go:47:   PrometheusPort []: 9090 (✓)
    config_test.go:47:   LogLevel []: info (✓)
    config_test.go:47:   HostName []: host (✓)
    config_test.go:47:   Redis []: {redis:6379  0 10 2 5 5m0s 1h0m0s 5s 3s 3s 3 8ms 512ms} (✓)
    config_test.go:47:   Session []: {24h0m0s} (✓)
    config_test.go:47:   MsgRPS []: 30 (✓)
    config_test.go:47:   ApiRPS []: 10 (✓)
    config_test.go:47:   CacheSizeRPS []: 128 (✓)
    config_test.go:47:   APIOnly []: false (✓)
    config_test.go:47:   CORS []: {* GET, POST, PUT, DELETE, OPTIONS, PATCH Content-Type, Content-Length, Accept-Encoding, X-CSRF-Token, Authorization, accept, origin, Cache-Control, X-Requested-With Content-Length, Content-Type, Date, X-Total-Count true 86400} (✓)
    config_test.go:47:   MigrationsDir []:  (✗)
    config_test.go:47:   Email []: {smtp.yandex.ru 587 your-email@yandex.ru your-app-password your-email@yandex.ru } (✓)
--- PASS: TestLoadConfig (0.00s)
=== RUN   TestValidateConfig
=== PAUSE TestValidateConfig
=== CONT  TestValidateConfig
=== RUN   TestValidateConfig/api_only_allows_empty_bot_token
=== PAUSE TestValidateConfig/api_only_allows_empty_bot_token
=== RUN   TestValidateConfig/not_api_only_requires_bot_token
=== PAUSE TestValidateConfig/not_api_only_requires_bot_token
=== RUN   TestValidateConfig/telegram_nested_bot_token_satisfies_validation
=== PAUSE TestValidateConfig/telegram_nested_bot_token_satisfies_validation
=== CONT  TestValidateConfig/api_only_allows_empty_bot_token
=== CONT  TestValidateConfig/not_api_only_requires_bot_token
=== CONT  TestValidateConfig/telegram_nested_bot_token_satisfies_validation
--- PASS: TestValidateConfig (0.00s)
    --- PASS: TestValidateConfig/api_only_allows_empty_bot_token (0.00s)
    --- PASS: TestValidateConfig/not_api_only_requires_bot_token (0.00s)
    --- PASS: TestValidateConfig/telegram_nested_bot_token_satisfies_validation (0.00s)
PASS
ok  	github.com/yandex-development-1-team/go/internal/config	1.019s
=== RUN   TestResolveMigrationsDir_DefaultFromGoMod
=== PAUSE TestResolveMigrationsDir_DefaultFromGoMod
=== RUN   TestResolveMigrationsDir_ExplicitSameAsDefault
=== PAUSE TestResolveMigrationsDir_ExplicitSameAsDefault
=== RUN   TestResolveMigrationsDir_ExplicitMissing
=== PAUSE TestResolveMigrationsDir_ExplicitMissing
=== CONT  TestResolveMigrationsDir_ExplicitMissing
=== CONT  TestResolveMigrationsDir_ExplicitSameAsDefault
=== CONT  TestResolveMigrationsDir_DefaultFromGoMod
--- PASS: TestResolveMigrationsDir_ExplicitSameAsDefault (0.00s)
--- PASS: TestResolveMigrationsDir_DefaultFromGoMod (0.00s)
--- PASS: TestResolveMigrationsDir_ExplicitMissing (0.00s)
PASS
ok  	github.com/yandex-development-1-team/go/internal/database	1.013s
?   	github.com/yandex-development-1-team/go/internal/dto	[no test files]
panic: checked path: $XDG_RUNTIME_DIR

goroutine 1 [running]:
github.com/testcontainers/testcontainers-go/internal/core.NewClient.MustExtractDockerHost.func2()
	/home/makmanu/go/pkg/mod/github.com/testcontainers/testcontainers-go@v0.40.0/internal/core/docker_host.go:91 +0xc9
sync.(*Once).doSlow(0x22e7a98, 0xc00059fe28)
	/usr/local/go/src/sync/once.go:78 +0xd2
sync.(*Once).Do(0x22e7a98, 0xc00059fe28)
	/usr/local/go/src/sync/once.go:69 +0x45
github.com/testcontainers/testcontainers-go/internal/core.MustExtractDockerHost(...)
	/home/makmanu/go/pkg/mod/github.com/testcontainers/testcontainers-go@v0.40.0/internal/core/docker_host.go:88
github.com/testcontainers/testcontainers-go/internal/core.NewClient({0x18e96c0, 0x22e74c0}, {0x0, 0x0, 0x0?})
	/home/makmanu/go/pkg/mod/github.com/testcontainers/testcontainers-go@v0.40.0/internal/core/client.go:17 +0x18b
github.com/testcontainers/testcontainers-go.NewDockerClientWithOpts({0x18e96c0, 0x22e74c0}, {0x0, 0x0, 0x0})
	/home/makmanu/go/pkg/mod/github.com/testcontainers/testcontainers-go@v0.40.0/docker_client.go:118 +0x94
github.com/testcontainers/testcontainers-go.NewDockerProvider({0xc0004130c0, 0x2, 0x1?})
	/home/makmanu/go/pkg/mod/github.com/testcontainers/testcontainers-go@v0.40.0/provider.go:144 +0x225
github.com/testcontainers/testcontainers-go.ProviderType.GetProvider(0x0, {0xc0005a0c08, 0x1, 0xc04c46?})
	/home/makmanu/go/pkg/mod/github.com/testcontainers/testcontainers-go@v0.40.0/provider.go:115 +0xbf4
github.com/testcontainers/testcontainers-go.GenericContainer({_, _}, {{{{0x0, 0x0}, {0x0, 0x0}, {0x0, 0x0}, {0x0, 0x0}, ...}, ...}, ...})
	/home/makmanu/go/pkg/mod/github.com/testcontainers/testcontainers-go@v0.40.0/generic.go:62 +0x1c5
github.com/yandex-development-1-team/go/internal/handlers.startPostgresContainer()
	/home/makmanu/Dev/github.com/yandex-development-1-team/go/internal/handlers/booking_handler_test.go:126 +0x4e5
github.com/yandex-development-1-team/go/internal/handlers.TestMain(0xc00042c780)
	/home/makmanu/Dev/github.com/yandex-development-1-team/go/internal/handlers/booking_handler_test.go:74 +0x13b
main.main()
	_testmain.go:76 +0x172
FAIL	github.com/yandex-development-1-team/go/internal/handlers	0.036s
=== RUN   TestName_Valid
=== RUN   TestName_Valid/Standard_Russian_name
=== RUN   TestName_Valid/Standard_English_name
=== RUN   TestName_Valid/Name_with_hyphen
=== RUN   TestName_Valid/Name_with_single_spaces_only
=== RUN   TestName_Valid/Name_with_leading/trailing_spaces_(should_be_trimmed)
--- PASS: TestName_Valid (0.00s)
    --- PASS: TestName_Valid/Standard_Russian_name (0.00s)
    --- PASS: TestName_Valid/Standard_English_name (0.00s)
    --- PASS: TestName_Valid/Name_with_hyphen (0.00s)
    --- PASS: TestName_Valid/Name_with_single_spaces_only (0.00s)
    --- PASS: TestName_Valid/Name_with_leading/trailing_spaces_(should_be_trimmed) (0.00s)
=== RUN   TestName_Invalid
=== RUN   TestName_Invalid/Empty_name
=== RUN   TestName_Invalid/Only_spaces
=== RUN   TestName_Invalid/Too_short
=== RUN   TestName_Invalid/Too_long
=== RUN   TestName_Invalid/Contains_numbers
=== RUN   TestName_Invalid/Contains_special_chars
=== RUN   TestName_Invalid/Double_spaces
=== RUN   TestName_Invalid/Multiple_double_spaces
=== RUN   TestName_Invalid/Single_word
--- PASS: TestName_Invalid (0.00s)
    --- PASS: TestName_Invalid/Empty_name (0.00s)
    --- PASS: TestName_Invalid/Only_spaces (0.00s)
    --- PASS: TestName_Invalid/Too_short (0.00s)
    --- PASS: TestName_Invalid/Too_long (0.00s)
    --- PASS: TestName_Invalid/Contains_numbers (0.00s)
    --- PASS: TestName_Invalid/Contains_special_chars (0.00s)
    --- PASS: TestName_Invalid/Double_spaces (0.00s)
    --- PASS: TestName_Invalid/Multiple_double_spaces (0.00s)
    --- PASS: TestName_Invalid/Single_word (0.00s)
=== RUN   TestOrganization_Valid
=== RUN   TestOrganization_Valid/Standard_organization
=== RUN   TestOrganization_Valid/Organization_with_quotes
=== RUN   TestOrganization_Valid/Organization_with_number
=== RUN   TestOrganization_Valid/Organization_with_hyphen
=== RUN   TestOrganization_Valid/Organization_with_ampersand
=== RUN   TestOrganization_Valid/Organization_with_leading/trailing_spaces
--- PASS: TestOrganization_Valid (0.00s)
    --- PASS: TestOrganization_Valid/Standard_organization (0.00s)
    --- PASS: TestOrganization_Valid/Organization_with_quotes (0.00s)
    --- PASS: TestOrganization_Valid/Organization_with_number (0.00s)
    --- PASS: TestOrganization_Valid/Organization_with_hyphen (0.00s)
    --- PASS: TestOrganization_Valid/Organization_with_ampersand (0.00s)
    --- PASS: TestOrganization_Valid/Organization_with_leading/trailing_spaces (0.00s)
=== RUN   TestOrganization_Invalid
=== RUN   TestOrganization_Invalid/Empty_organization
=== RUN   TestOrganization_Invalid/Only_spaces
=== RUN   TestOrganization_Invalid/Too_short
=== RUN   TestOrganization_Invalid/Too_long
=== RUN   TestOrganization_Invalid/Contains_invalid_chars
--- PASS: TestOrganization_Invalid (0.00s)
    --- PASS: TestOrganization_Invalid/Empty_organization (0.00s)
    --- PASS: TestOrganization_Invalid/Only_spaces (0.00s)
    --- PASS: TestOrganization_Invalid/Too_short (0.00s)
    --- PASS: TestOrganization_Invalid/Too_long (0.00s)
    --- PASS: TestOrganization_Invalid/Contains_invalid_chars (0.00s)
=== RUN   TestPosition_Valid
=== RUN   TestPosition_Valid/Standard_position
=== RUN   TestPosition_Valid/Position_with_hyphen
=== RUN   TestPosition_Valid/Position_with_dot
=== RUN   TestPosition_Valid/Position_with_slash
=== RUN   TestPosition_Valid/Position_with_number
=== RUN   TestPosition_Valid/Position_with_leading/trailing_spaces
--- PASS: TestPosition_Valid (0.00s)
    --- PASS: TestPosition_Valid/Standard_position (0.00s)
    --- PASS: TestPosition_Valid/Position_with_hyphen (0.00s)
    --- PASS: TestPosition_Valid/Position_with_dot (0.00s)
    --- PASS: TestPosition_Valid/Position_with_slash (0.00s)
    --- PASS: TestPosition_Valid/Position_with_number (0.00s)
    --- PASS: TestPosition_Valid/Position_with_leading/trailing_spaces (0.00s)
=== RUN   TestPosition_Invalid
=== RUN   TestPosition_Invalid/Empty_position
=== RUN   TestPosition_Invalid/Only_spaces
=== RUN   TestPosition_Invalid/Too_short
=== RUN   TestPosition_Invalid/Too_long
=== RUN   TestPosition_Invalid/Contains_invalid_chars
--- PASS: TestPosition_Invalid (0.00s)
    --- PASS: TestPosition_Invalid/Empty_position (0.00s)
    --- PASS: TestPosition_Invalid/Only_spaces (0.00s)
    --- PASS: TestPosition_Invalid/Too_short (0.00s)
    --- PASS: TestPosition_Invalid/Too_long (0.00s)
    --- PASS: TestPosition_Invalid/Contains_invalid_chars (0.00s)
PASS
ok  	github.com/yandex-development-1-team/go/internal/handlers/validation	1.016s
?   	github.com/yandex-development-1-team/go/internal/logger	[no test files]
?   	github.com/yandex-development-1-team/go/internal/metrics	[no test files]
?   	github.com/yandex-development-1-team/go/internal/models	[no test files]
?   	github.com/yandex-development-1-team/go/internal/repository	[no test files]
panic: checked path: $XDG_RUNTIME_DIR

goroutine 1 [running]:
github.com/testcontainers/testcontainers-go/internal/core.NewClient.MustExtractDockerHost.func2()
	/home/makmanu/go/pkg/mod/github.com/testcontainers/testcontainers-go@v0.40.0/internal/core/docker_host.go:91 +0xc9
sync.(*Once).doSlow(0x1bcbe40, 0xc000615e50)
	/usr/local/go/src/sync/once.go:78 +0xd2
sync.(*Once).Do(0x1bcbe40, 0xc000615e50)
	/usr/local/go/src/sync/once.go:69 +0x45
github.com/testcontainers/testcontainers-go/internal/core.MustExtractDockerHost(...)
	/home/makmanu/go/pkg/mod/github.com/testcontainers/testcontainers-go@v0.40.0/internal/core/docker_host.go:88
github.com/testcontainers/testcontainers-go/internal/core.NewClient({0x13c0d80, 0x1bcb880}, {0x0, 0x0, 0x0?})
	/home/makmanu/go/pkg/mod/github.com/testcontainers/testcontainers-go@v0.40.0/internal/core/client.go:17 +0x18b
github.com/testcontainers/testcontainers-go.NewDockerClientWithOpts({0x13c0d80, 0x1bcb880}, {0x0, 0x0, 0x0})
	/home/makmanu/go/pkg/mod/github.com/testcontainers/testcontainers-go@v0.40.0/docker_client.go:118 +0x94
github.com/testcontainers/testcontainers-go.NewDockerProvider({0xc0000f0c00, 0x2, 0x1?})
	/home/makmanu/go/pkg/mod/github.com/testcontainers/testcontainers-go@v0.40.0/provider.go:144 +0x225
github.com/testcontainers/testcontainers-go.ProviderType.GetProvider(0x0, {0xc000616c30, 0x1, 0xc54cc6?})
	/home/makmanu/go/pkg/mod/github.com/testcontainers/testcontainers-go@v0.40.0/provider.go:115 +0xbf4
github.com/testcontainers/testcontainers-go.GenericContainer({_, _}, {{{{0x0, 0x0}, {0x0, 0x0}, {0x0, 0x0}, {0x0, 0x0}, ...}, ...}, ...})
	/home/makmanu/go/pkg/mod/github.com/testcontainers/testcontainers-go@v0.40.0/generic.go:62 +0x1c5
github.com/yandex-development-1-team/go/internal/repository/postgres.startContainer()
	/home/makmanu/Dev/github.com/yandex-development-1-team/go/internal/repository/postgres/booking_repository_test.go:85 +0x4e5
github.com/yandex-development-1-team/go/internal/repository/postgres.TestMain(0xc0002ce5a0)
	/home/makmanu/Dev/github.com/yandex-development-1-team/go/internal/repository/postgres/booking_repository_test.go:48 +0x13b
main.main()
	_testmain.go:92 +0x172
FAIL	github.com/yandex-development-1-team/go/internal/repository/postgres	0.030s
=== RUN   TestSaveSession_NewSession_KeyAppearsInRedis
=== PAUSE TestSaveSession_NewSession_KeyAppearsInRedis
=== RUN   TestSaveSession_NewSession_TTLIsApplied
=== PAUSE TestSaveSession_NewSession_TTLIsApplied
=== RUN   TestSaveSession_NewSession_FieldsPersistedCorrectly
=== PAUSE TestSaveSession_NewSession_FieldsPersistedCorrectly
=== RUN   TestSaveSession_Overwrite_PreservesCreatedAt
=== PAUSE TestSaveSession_Overwrite_PreservesCreatedAt
=== RUN   TestSaveSession_Overwrite_ReplacesStateAndData
=== PAUSE TestSaveSession_Overwrite_ReplacesStateAndData
=== RUN   TestGetSession_Exists_ReturnsAllFields
=== PAUSE TestGetSession_Exists_ReturnsAllFields
=== RUN   TestGetSession_NotFound_ReturnsErrSessionNotFound
=== PAUSE TestGetSession_NotFound_ReturnsErrSessionNotFound
=== RUN   TestGetSession_NilStateData_ReturnsEmptyMapNotNil
=== PAUSE TestGetSession_NilStateData_ReturnsEmptyMapNotNil
=== RUN   TestGetSession_ComplexNestedData_RoundTrip
=== PAUSE TestGetSession_ComplexNestedData_RoundTrip
=== RUN   TestGetSession_AfterTTLExpiry_ReturnsNotFound
=== PAUSE TestGetSession_AfterTTLExpiry_ReturnsNotFound
=== RUN   TestClearSession_Exists_KeyRemovedFromRedis
=== PAUSE TestClearSession_Exists_KeyRemovedFromRedis
=== RUN   TestClearSession_AfterClear_GetReturnsNotFound
=== PAUSE TestClearSession_AfterClear_GetReturnsNotFound
=== RUN   TestClearSession_NonExistent_NoError
=== PAUSE TestClearSession_NonExistent_NoError
=== RUN   TestUpdateSessionState_Exists_StateChanges
=== PAUSE TestUpdateSessionState_Exists_StateChanges
=== RUN   TestUpdateSessionState_Exists_StateDataNotTouched
=== PAUSE TestUpdateSessionState_Exists_StateDataNotTouched
=== RUN   TestUpdateSessionState_Exists_UpdatesUpdatedAt
=== PAUSE TestUpdateSessionState_Exists_UpdatesUpdatedAt
=== RUN   TestUpdateSessionState_NotFound_ReturnsErrSessionNotFound
=== PAUSE TestUpdateSessionState_NotFound_ReturnsErrSessionNotFound
=== RUN   TestSessionIsolation_DifferentUsers_IndependentSessions
=== PAUSE TestSessionIsolation_DifferentUsers_IndependentSessions
=== RUN   TestSessionIsolation_ClearOneUser_OtherUnaffected
=== PAUSE TestSessionIsolation_ClearOneUser_OtherUnaffected
=== CONT  TestSaveSession_NewSession_KeyAppearsInRedis
=== CONT  TestSessionIsolation_DifferentUsers_IndependentSessions
=== CONT  TestSessionIsolation_ClearOneUser_OtherUnaffected
=== CONT  TestGetSession_ComplexNestedData_RoundTrip
=== CONT  TestSaveSession_NewSession_FieldsPersistedCorrectly
=== CONT  TestClearSession_Exists_KeyRemovedFromRedis
=== CONT  TestGetSession_NotFound_ReturnsErrSessionNotFound
--- FAIL: TestSessionIsolation_DifferentUsers_IndependentSessions (0.00s)
=== CONT  TestGetSession_Exists_ReturnsAllFields
panic: checked path: $XDG_RUNTIME_DIR [recovered, repanicked]

goroutine 86 [running]:
testing.tRunner.func1.2({0x1600740, 0xc000716030})
	/usr/local/go/src/testing/testing.go:1974 +0x419
testing.tRunner.func1()
	/usr/local/go/src/testing/testing.go:1977 +0x67f
panic({0x1600740?, 0xc000716030?})
	/usr/local/go/src/runtime/panic.go:860 +0x13a
github.com/testcontainers/testcontainers-go/internal/core.NewClient.MustExtractDockerHost.func2()
	/home/makmanu/go/pkg/mod/github.com/testcontainers/testcontainers-go@v0.40.0/internal/core/docker_host.go:91 +0xc9
sync.(*Once).doSlow(0x20f7ca8, 0xc000319ed0)
	/usr/local/go/src/sync/once.go:78 +0xd2
sync.(*Once).Do(0x20f7ca8, 0xc000319ed0)
	/usr/local/go/src/sync/once.go:69 +0x45
github.com/testcontainers/testcontainers-go/internal/core.MustExtractDockerHost(...)
	/home/makmanu/go/pkg/mod/github.com/testcontainers/testcontainers-go@v0.40.0/internal/core/docker_host.go:88
github.com/testcontainers/testcontainers-go/internal/core.NewClient({0x17a4b00, 0x20f7680}, {0x0, 0x0, 0x0?})
	/home/makmanu/go/pkg/mod/github.com/testcontainers/testcontainers-go@v0.40.0/internal/core/client.go:17 +0x18b
github.com/testcontainers/testcontainers-go.NewDockerClientWithOpts({0x17a4b00, 0x20f7680}, {0x0, 0x0, 0x0})
	/home/makmanu/go/pkg/mod/github.com/testcontainers/testcontainers-go@v0.40.0/docker_client.go:118 +0x94
github.com/testcontainers/testcontainers-go.NewDockerProvider({0xc0000f1000, 0x2, 0x1?})
	/home/makmanu/go/pkg/mod/github.com/testcontainers/testcontainers-go@v0.40.0/provider.go:144 +0x225
github.com/testcontainers/testcontainers-go.ProviderType.GetProvider(0x0, {0xc00031acb0, 0x1, 0x0?})
	/home/makmanu/go/pkg/mod/github.com/testcontainers/testcontainers-go@v0.40.0/provider.go:115 +0xbf4
github.com/testcontainers/testcontainers-go.GenericContainer({_, _}, {{{{0x0, 0x0}, {0x0, 0x0}, {0x0, 0x0}, {0x0, 0x0}, ...}, ...}, ...})
	/home/makmanu/go/pkg/mod/github.com/testcontainers/testcontainers-go@v0.40.0/generic.go:62 +0x1c5
github.com/testcontainers/testcontainers-go.Run({0x17a4b00, 0x20f7680}, {0x1746e61, 0x7}, {0xc000613d70, 0x2, 0x2?})
	/home/makmanu/go/pkg/mod/github.com/testcontainers/testcontainers-go@v0.40.0/generic.go:138 +0x470
github.com/testcontainers/testcontainers-go/modules/redis.Run({0x17a4b00, 0x20f7680}, {0x1746e61, 0x7}, {0x0, 0x0, 0xc0001245d0?})
	/home/makmanu/go/pkg/mod/github.com/testcontainers/testcontainers-go/modules/redis@v0.40.0/redis.go:128 +0x1465
github.com/yandex-development-1-team/go/internal/repository/redis.newTestRepo(0xc000604b48, {0x0, 0x0, 0x4d58c9?})
	/home/makmanu/Dev/github.com/yandex-development-1-team/go/internal/repository/redis/session_repository_test.go:34 +0x75
github.com/yandex-development-1-team/go/internal/repository/redis.TestSessionIsolation_DifferentUsers_IndependentSessions(0xc000604b48)
	/home/makmanu/Dev/github.com/yandex-development-1-team/go/internal/repository/redis/session_repository_test.go:392 +0x46
testing.tRunner(0xc000604b48, 0x178ca88)
	/usr/local/go/src/testing/testing.go:2036 +0x21d
created by testing.(*T).Run in goroutine 1
	/usr/local/go/src/testing/testing.go:2101 +0xb13
FAIL	github.com/yandex-development-1-team/go/internal/repository/redis	0.035s
=== RUN   TestSpecialProjectService_Create
=== RUN   TestSpecialProjectService_Create/empty_title_returns_error
=== RUN   TestSpecialProjectService_Create/already_exists_maps_to_ErrAlreadyExists
=== RUN   TestSpecialProjectService_Create/success_creates_and_returns_domain
--- PASS: TestSpecialProjectService_Create (0.00s)
    --- PASS: TestSpecialProjectService_Create/empty_title_returns_error (0.00s)
    --- PASS: TestSpecialProjectService_Create/already_exists_maps_to_ErrAlreadyExists (0.00s)
    --- PASS: TestSpecialProjectService_Create/success_creates_and_returns_domain (0.00s)
=== RUN   TestSpecialProjectService_GetByID
=== RUN   TestSpecialProjectService_GetByID/not_found_maps_to_ErrNotFound
=== RUN   TestSpecialProjectService_GetByID/success_returns_domain
--- PASS: TestSpecialProjectService_GetByID (0.00s)
    --- PASS: TestSpecialProjectService_GetByID/not_found_maps_to_ErrNotFound (0.00s)
    --- PASS: TestSpecialProjectService_GetByID/success_returns_domain (0.00s)
=== RUN   TestSpecialProjectService_UpdateSpecialProject
=== RUN   TestSpecialProjectService_UpdateSpecialProject/invalid_id_<=_0
=== RUN   TestSpecialProjectService_UpdateSpecialProject/nil_project
=== RUN   TestSpecialProjectService_UpdateSpecialProject/title_too_long
=== RUN   TestSpecialProjectService_UpdateSpecialProject/not_found_maps_to_ErrNotFound
=== RUN   TestSpecialProjectService_UpdateSpecialProject/success_returns_updated_domain
--- PASS: TestSpecialProjectService_UpdateSpecialProject (0.00s)
    --- PASS: TestSpecialProjectService_UpdateSpecialProject/invalid_id_<=_0 (0.00s)
    --- PASS: TestSpecialProjectService_UpdateSpecialProject/nil_project (0.00s)
    --- PASS: TestSpecialProjectService_UpdateSpecialProject/title_too_long (0.00s)
    --- PASS: TestSpecialProjectService_UpdateSpecialProject/not_found_maps_to_ErrNotFound (0.00s)
    --- PASS: TestSpecialProjectService_UpdateSpecialProject/success_returns_updated_domain (0.00s)
=== RUN   TestSpecialProjectService_DeleteSpecialProject
=== RUN   TestSpecialProjectService_DeleteSpecialProject/invalid_id_<=_0
=== RUN   TestSpecialProjectService_DeleteSpecialProject/not_found_maps_to_ErrNotFound
=== RUN   TestSpecialProjectService_DeleteSpecialProject/success
--- PASS: TestSpecialProjectService_DeleteSpecialProject (0.00s)
    --- PASS: TestSpecialProjectService_DeleteSpecialProject/invalid_id_<=_0 (0.00s)
    --- PASS: TestSpecialProjectService_DeleteSpecialProject/not_found_maps_to_ErrNotFound (0.00s)
    --- PASS: TestSpecialProjectService_DeleteSpecialProject/success (0.00s)
=== RUN   TestSpecialProjectService_List
=== RUN   TestSpecialProjectService_List/success_returns_list
=== RUN   TestSpecialProjectService_List/repo_error_propagated
--- PASS: TestSpecialProjectService_List (0.00s)
    --- PASS: TestSpecialProjectService_List/success_returns_list (0.00s)
    --- PASS: TestSpecialProjectService_List/repo_error_propagated (0.00s)
PASS
ok  	github.com/yandex-development-1-team/go/internal/service	1.016s
panic: checked path: $XDG_RUNTIME_DIR

goroutine 1 [running]:
github.com/testcontainers/testcontainers-go/internal/core.NewClient.MustExtractDockerHost.func2()
	/home/makmanu/go/pkg/mod/github.com/testcontainers/testcontainers-go@v0.40.0/internal/core/docker_host.go:91 +0xc9
sync.(*Once).doSlow(0x1e00d18, 0xc0005a8028)
	/usr/local/go/src/sync/once.go:78 +0xd2
sync.(*Once).Do(0x1e00d18, 0xc0005a8028)
	/usr/local/go/src/sync/once.go:69 +0x45
github.com/testcontainers/testcontainers-go/internal/core.MustExtractDockerHost(...)
	/home/makmanu/go/pkg/mod/github.com/testcontainers/testcontainers-go@v0.40.0/internal/core/docker_host.go:88
github.com/testcontainers/testcontainers-go/internal/core.NewClient({0x14ed340, 0x1e00740}, {0x0, 0x0, 0x0?})
	/home/makmanu/go/pkg/mod/github.com/testcontainers/testcontainers-go@v0.40.0/internal/core/client.go:17 +0x18b
github.com/testcontainers/testcontainers-go.NewDockerClientWithOpts({0x14ed340, 0x1e00740}, {0x0, 0x0, 0x0})
	/home/makmanu/go/pkg/mod/github.com/testcontainers/testcontainers-go@v0.40.0/docker_client.go:118 +0x94
github.com/testcontainers/testcontainers-go.NewDockerProvider({0xc0004812a0, 0x2, 0x1?})
	/home/makmanu/go/pkg/mod/github.com/testcontainers/testcontainers-go@v0.40.0/provider.go:144 +0x225
github.com/testcontainers/testcontainers-go.ProviderType.GetProvider(0x0, {0xc0005a8e08, 0x1, 0x8a100000000?})
	/home/makmanu/go/pkg/mod/github.com/testcontainers/testcontainers-go@v0.40.0/provider.go:115 +0xbf4
github.com/testcontainers/testcontainers-go.GenericContainer({_, _}, {{{{0x0, 0x0}, {0x0, 0x0}, {0x0, 0x0}, {0x0, 0x0}, ...}, ...}, ...})
	/home/makmanu/go/pkg/mod/github.com/testcontainers/testcontainers-go@v0.40.0/generic.go:62 +0x1c5
github.com/yandex-development-1-team/go/internal/service/api.startContainer()
	/home/makmanu/Dev/github.com/yandex-development-1-team/go/internal/service/api/auth_test.go:98 +0x4e5
github.com/yandex-development-1-team/go/internal/service/api.TestMain(0xc000430aa0)
	/home/makmanu/Dev/github.com/yandex-development-1-team/go/internal/service/api/auth_test.go:42 +0xaa
main.main()
	_testmain.go:70 +0x172
FAIL	github.com/yandex-development-1-team/go/internal/service/api	0.031s
?   	github.com/yandex-development-1-team/go/internal/service/bot	[no test files]
?   	github.com/yandex-development-1-team/go/internal/shutdown	[no test files]
=== RUN   TestBookingsMigration
--- FAIL: TestBookingsMigration (0.00s)
panic: checked path: $XDG_RUNTIME_DIR [recovered, repanicked]

goroutine 5 [running]:
testing.tRunner.func1.2({0xbf6de0, 0xc0000160d8})
	/usr/local/go/src/testing/testing.go:1974 +0x419
testing.tRunner.func1()
	/usr/local/go/src/testing/testing.go:1977 +0x67f
panic({0xbf6de0?, 0xc0000160d8?})
	/usr/local/go/src/runtime/panic.go:860 +0x13a
github.com/testcontainers/testcontainers-go/internal/core.NewClient.MustExtractDockerHost.func2()
	/home/makmanu/go/pkg/mod/github.com/testcontainers/testcontainers-go@v0.40.0/internal/core/docker_host.go:91 +0xc9
sync.(*Once).doSlow(0x1177ce8, 0xc0001e7ec0)
	/usr/local/go/src/sync/once.go:78 +0xd2
sync.(*Once).Do(0x1177ce8, 0xc0001e7ec0)
	/usr/local/go/src/sync/once.go:69 +0x45
github.com/testcontainers/testcontainers-go/internal/core.MustExtractDockerHost(...)
	/home/makmanu/go/pkg/mod/github.com/testcontainers/testcontainers-go@v0.40.0/internal/core/docker_host.go:88
github.com/testcontainers/testcontainers-go/internal/core.NewClient({0xce3860, 0x1177800}, {0x0, 0x0, 0x0?})
	/home/makmanu/go/pkg/mod/github.com/testcontainers/testcontainers-go@v0.40.0/internal/core/client.go:17 +0x18b
github.com/testcontainers/testcontainers-go.NewDockerClientWithOpts({0xce3860, 0x1177800}, {0x0, 0x0, 0x0})
	/home/makmanu/go/pkg/mod/github.com/testcontainers/testcontainers-go@v0.40.0/docker_client.go:118 +0x94
github.com/testcontainers/testcontainers-go.NewDockerProvider({0xc0000e03a0, 0x2, 0x1?})
	/home/makmanu/go/pkg/mod/github.com/testcontainers/testcontainers-go@v0.40.0/provider.go:144 +0x225
github.com/testcontainers/testcontainers-go.ProviderType.GetProvider(0x0, {0xc0001e8ca0, 0x1, 0x0?})
	/home/makmanu/go/pkg/mod/github.com/testcontainers/testcontainers-go@v0.40.0/provider.go:115 +0xbf4
github.com/testcontainers/testcontainers-go.GenericContainer({_, _}, {{{{0x0, 0x0}, {0x0, 0x0}, {0x0, 0x0}, {0x0, 0x0}, ...}, ...}, ...})
	/home/makmanu/go/pkg/mod/github.com/testcontainers/testcontainers-go@v0.40.0/generic.go:62 +0x1c5
github.com/testcontainers/testcontainers-go.Run({0xce3860, 0x1177800}, {0xcaf83d, 0x12}, {0xc0000f47e0, 0x7, 0x7?})
	/home/makmanu/go/pkg/mod/github.com/testcontainers/testcontainers-go@v0.40.0/generic.go:138 +0x470
github.com/testcontainers/testcontainers-go/modules/postgres.Run({0xce3860, 0x1177800}, {0xcaf83d, 0x12}, {0xc0000d4d90, 0x4, 0x4aada9?})
	/home/makmanu/go/pkg/mod/github.com/testcontainers/testcontainers-go/modules/postgres@v0.40.0/postgres.go:167 +0x665
github.com/yandex-development-1-team/go/migrations.setupTestDatabase(0xc0001d6248, {0xce3860, 0x1177800})
	/home/makmanu/Dev/github.com/yandex-development-1-team/go/migrations/migrations_test.go:57 +0x5a8
github.com/yandex-development-1-team/go/migrations.TestBookingsMigration(0xc0001d6248)
	/home/makmanu/Dev/github.com/yandex-development-1-team/go/migrations/migrations_test.go:23 +0x4a
testing.tRunner(0xc0001d6248, 0xcd6640)
	/usr/local/go/src/testing/testing.go:2036 +0x21d
created by testing.(*T).Run in goroutine 1
	/usr/local/go/src/testing/testing.go:2101 +0xb13
FAIL	github.com/yandex-development-1-team/go/migrations	0.024s
FAIL
